[INFO] [1785578192.781750583] [dynamic_obstacles_benchmark]: === Scenario A: moving obstacle sweep (link height) ===
[INFO] [1785578192.782820617] [dynamic_obstacles_benchmark]: Link column x=0.00 y=0.343 z=0.80 sweep_dir=[1. 0. 0.]
[INFO] [1785578192.788351855] [dynamic_obstacles_benchmark]: Joint states are available now
[INFO] [1785578192.906962885] [dynamic_obstacles_benchmark]: Joint states are available now
[INFO] [1785578193.043071809] [dynamic_obstacles_benchmark]: Joint states are available now
[INFO] [1785578193.161601735] [dynamic_obstacles_benchmark]: Joint states are available now
[INFO] [1785578193.314906512] [dynamic_obstacles_benchmark]: Joint states are available now
[INFO] [1785578193.526550286] [dynamic_obstacles_benchmark]: Joint states are available now
[INFO] [1785578193.956512391] [dynamic_obstacles_benchmark]: Joint states are available now
[WARN] [1785578194.035018836] [dynamic_obstacles_benchmark]: Planning failed! Error code: GOAL_STATE_INVALID
[INFO] [1785578194.035567674] [dynamic_obstacles_benchmark]: Joint states are available now
[WARN] [1785578194.123096007] [dynamic_obstacles_benchmark]: Planning failed! Error code: GOAL_STATE_INVALID
[INFO] [1785578194.128963272] [dynamic_obstacles_benchmark]: Joint states are available now
[WARN] [1785578194.298635231] [dynamic_obstacles_benchmark]: Planning failed! Error code: GOAL_STATE_INVALID
[INFO] [1785578194.299150105] [dynamic_obstacles_benchmark]: Joint states are available now
[WARN] [1785578194.444818702] [dynamic_obstacles_benchmark]: Planning failed! Error code: GOAL_STATE_INVALID
[INFO] [1785578194.453850466] [dynamic_obstacles_benchmark]: Joint states are available now
[WARN] [1785578194.574067495] [dynamic_obstacles_benchmark]: Planning failed! Error code: GOAL_STATE_INVALID
[INFO] [1785578194.574628930] [dynamic_obstacles_benchmark]: Joint states are available now
[WARN] [1785578194.707096542] [dynamic_obstacles_benchmark]: Planning failed! Error code: GOAL_STATE_INVALID
[INFO] [1785578194.716985289] [dynamic_obstacles_benchmark]: Joint states are available now
[WARN] [1785578194.798256349] [dynamic_obstacles_benchmark]: Planning failed! Error code: GOAL_STATE_INVALID
[INFO] [1785578194.798677069] [dynamic_obstacles_benchmark]: Joint states are available now
[WARN] [1785578194.864311160] [dynamic_obstacles_benchmark]: Planning failed! Error code: GOAL_STATE_INVALID
[INFO] [1785578194.870452318] [dynamic_obstacles_benchmark]: Joint states are available now
[INFO] [1785578195.033888882] [dynamic_obstacles_benchmark]: Joint states are available now
[INFO] [1785578195.228008875] [dynamic_obstacles_benchmark]: Joint states are available now
[INFO] [1785578195.343639406] [dynamic_obstacles_benchmark]: Joint states are available now
[INFO] [1785578195.483588827] [dynamic_obstacles_benchmark]: Joint states are available now
[INFO] [1785578195.597711393] [dynamic_obstacles_benchmark]: Joint states are available now
[INFO] [1785578195.718565679] [dynamic_obstacles_benchmark]: === Scenario B: suddenly-appearing obstacle ===
[INFO] [1785578196.019859160] [dynamic_obstacles_benchmark]: Joint states are available now
[INFO] [1785578196.048526913] [dynamic_obstacles_benchmark]: Baseline plan OK 0.028s states=64
[INFO] [1785578196.053927359] [dynamic_obstacles_benchmark]: Joint states are available now
[WARN] [1785578196.120818935] [dynamic_obstacles_benchmark]: Planning failed! Error code: START_STATE_INVALID
[INFO] [1785578196.123844849] [dynamic_obstacles_benchmark]: Joint states are available now
[WARN] [1785578196.202470884] [dynamic_obstacles_benchmark]: Planning failed! Error code: START_STATE_INVALID
[INFO] [1785578196.211350032] [dynamic_obstacles_benchmark]: Joint states are available now
[WARN] [1785578196.241330568] [dynamic_obstacles_benchmark]: Planning failed! Error code: GOAL_STATE_INVALID
[INFO] [1785578196.243537153] [dynamic_obstacles_benchmark]: Joint states are available now
[WARN] [1785578196.292200801] [dynamic_obstacles_benchmark]: Planning failed! Error code: GOAL_STATE_INVALID
[INFO] [1785578196.300472985] [dynamic_obstacles_benchmark]: Joint states are available now
[INFO] [1785578196.511980622] [dynamic_obstacles_benchmark]: Joint states are available now
[INFO] [1785578197.027256010] [dynamic_obstacles_benchmark]: Saved /home/lsn/robot_safecontrol/benchmarks/aeb_rrtstar/dynamic_obstacles/run_20260801_175632.json
  goal@0: IK interior ok
  goal@100: IK interior ok
  goal@300: IK interior ok
  goal@500: IK interior ok
  goal@1000: IK interior ok
  goal@2000: IK interior ok
  sweep_t=0.00 pos=(-0.25, 0.343, 0.8) aeb_rrtstar OK 0.016s pts=64 start=True goal=True sync=True
  sweep_t=0.00 pos=(-0.25, 0.343, 0.8) rrtconnect OK 0.033s pts=64 start=True goal=True sync=True
  sweep_t=0.11 pos=(-0.194, 0.343, 0.8) aeb_rrtstar OK 0.017s pts=64 start=True goal=True sync=True
  sweep_t=0.11 pos=(-0.194, 0.343, 0.8) rrtconnect OK 0.044s pts=64 start=True goal=True sync=True
  sweep_t=0.22 pos=(-0.139, 0.343, 0.8) aeb_rrtstar OK 0.043s pts=64 start=True goal=True sync=True
  sweep_t=0.22 pos=(-0.139, 0.343, 0.8) rrtconnect OK 0.254s pts=64 start=True goal=True sync=True
  sweep_t=0.33 pos=(-0.083, 0.343, 0.8) aeb_rrtstar FAIL 0.079s pts=0 start=False goal=False sync=True
  sweep_t=0.33 pos=(-0.083, 0.343, 0.8) rrtconnect FAIL 0.088s pts=0 start=False goal=False sync=True
  sweep_t=0.44 pos=(-0.028, 0.343, 0.8) aeb_rrtstar FAIL 0.170s pts=0 start=False goal=False sync=True
  sweep_t=0.44 pos=(-0.028, 0.343, 0.8) rrtconnect FAIL 0.146s pts=0 start=False goal=False sync=True
  sweep_t=0.56 pos=(0.028, 0.343, 0.8) aeb_rrtstar FAIL 0.121s pts=0 start=False goal=False sync=True
  sweep_t=0.56 pos=(0.028, 0.343, 0.8) rrtconnect FAIL 0.133s pts=0 start=False goal=False sync=True
  sweep_t=0.67 pos=(0.083, 0.343, 0.8) aeb_rrtstar FAIL 0.082s pts=0 start=False goal=False sync=True
  sweep_t=0.67 pos=(0.083, 0.343, 0.8) rrtconnect FAIL 0.066s pts=0 start=False goal=False sync=True
  sweep_t=0.78 pos=(0.139, 0.343, 0.8) aeb_rrtstar OK 0.021s pts=64 start=True goal=True sync=True
  sweep_t=0.78 pos=(0.139, 0.343, 0.8) rrtconnect OK 0.050s pts=64 start=True goal=True sync=True
  sweep_t=0.89 pos=(0.194, 0.343, 0.8) aeb_rrtstar OK 0.019s pts=64 start=True goal=True sync=True
  sweep_t=0.89 pos=(0.194, 0.343, 0.8) rrtconnect OK 0.021s pts=64 start=True goal=True sync=True
  sweep_t=1.00 pos=(0.25, 0.343, 0.8) aeb_rrtstar OK 0.016s pts=64 start=True goal=True sync=True
  sweep_t=1.00 pos=(0.25, 0.343, 0.8) rrtconnect OK 0.018s pts=64 start=True goal=True sync=True
  offset=0.00 pos=(0.0, 0.343, 0.8) aeb_rrtstar FAIL 0.067s pts=0 start=False goal=False old_collides=True sync=True
  offset=0.00 pos=(0.0, 0.343, 0.8) rrtconnect FAIL 0.079s pts=0 start=False goal=False old_collides=True sync=True
  offset=0.10 pos=(0.0, 0.443, 0.8) aeb_rrtstar FAIL 0.030s pts=0 start=False goal=False old_collides=True sync=True
  offset=0.10 pos=(0.0, 0.443, 0.8) rrtconnect FAIL 0.049s pts=0 start=False goal=False old_collides=True sync=True
  offset=0.20 pos=(0.0, 0.543, 0.8) aeb_rrtstar OK 0.017s pts=64 start=True goal=True old_collides=False sync=True
  offset=0.20 pos=(0.0, 0.543, 0.8) rrtconnect OK 0.022s pts=64 start=True goal=True old_collides=False sync=True

=== SUMMARY ===
scenario        t/off planner        ok  time_s states states_ok old_coll
moving_sweep      0.0 AEBRRTstarFaithfulConfigDefault   OK   0.016     64         1         
moving_sweep      0.0 RRTConnectkConfigDefault   OK   0.033     64         1         
moving_sweep   0.1111 AEBRRTstarFaithfulConfigDefault   OK   0.017     64         1         
moving_sweep   0.1111 RRTConnectkConfigDefault   OK   0.044     64         1         
moving_sweep   0.2222 AEBRRTstarFaithfulConfigDefault   OK   0.043     64         1         
moving_sweep   0.2222 RRTConnectkConfigDefault   OK   0.254     64         1         
moving_sweep   0.3333 AEBRRTstarFaithfulConfigDefault FAIL   0.079      0       n/a         
moving_sweep   0.3333 RRTConnectkConfigDefault FAIL   0.088      0       n/a         
moving_sweep   0.4444 AEBRRTstarFaithfulConfigDefault FAIL   0.170      0       n/a         
moving_sweep   0.4444 RRTConnectkConfigDefault FAIL   0.146      0       n/a         
moving_sweep   0.5556 AEBRRTstarFaithfulConfigDefault FAIL   0.121      0       n/a         
moving_sweep   0.5556 RRTConnectkConfigDefault FAIL   0.133      0       n/a         
moving_sweep   0.6667 AEBRRTstarFaithfulConfigDefault FAIL   0.082      0       n/a         
moving_sweep   0.6667 RRTConnectkConfigDefault FAIL   0.066      0       n/a         
moving_sweep   0.7778 AEBRRTstarFaithfulConfigDefault   OK   0.021     64         1         
moving_sweep   0.7778 RRTConnectkConfigDefault   OK   0.050     64         1         
moving_sweep   0.8889 AEBRRTstarFaithfulConfigDefault   OK   0.019     64         1         
moving_sweep   0.8889 RRTConnectkConfigDefault   OK   0.021     64         1         
moving_sweep      1.0 AEBRRTstarFaithfulConfigDefault   OK   0.016     64         1         
moving_sweep      1.0 RRTConnectkConfigDefault   OK   0.018     64         1         
sudden_appear     0.0 AEBRRTstarFaithfulConfigDefault FAIL   0.067      0       n/a        1
sudden_appear     0.0 RRTConnectkConfigDefault FAIL   0.079      0       n/a        1
sudden_appear     0.1 AEBRRTstarFaithfulConfigDefault FAIL   0.030      0       n/a        1
sudden_appear     0.1 RRTConnectkConfigDefault FAIL   0.049      0       n/a        1
sudden_appear     0.2 AEBRRTstarFaithfulConfigDefault   OK   0.017     64         1        0
sudden_appear     0.2 RRTConnectkConfigDefault   OK   0.022     64         1        0

Total: 14 OK / 12 FAIL / 0 unknown
