[INFO] [1785577565.439592610] [dynamic_obstacles_benchmark]: === Scenario A: moving obstacle sweep ===
[INFO] [1785577565.628352447] [dynamic_obstacles_benchmark]: Corridor midpoint tool0=[-0.     0.378  1.496] sweep_dir=[0. 1. 0.]
[INFO] [1785577565.784568219] [dynamic_obstacles_benchmark]: Joint states are available now
[INFO] [1785577565.912290143] [dynamic_obstacles_benchmark]: Joint states are available now
[INFO] [1785577566.044126882] [dynamic_obstacles_benchmark]: Joint states are available now
[INFO] [1785577566.182848959] [dynamic_obstacles_benchmark]: Joint states are available now
[INFO] [1785577566.322454482] [dynamic_obstacles_benchmark]: Joint states are available now
[INFO] [1785577566.449295456] [dynamic_obstacles_benchmark]: Joint states are available now
[INFO] [1785577566.587468529] [dynamic_obstacles_benchmark]: Joint states are available now
[WARN] [1785577566.597529539] [dynamic_obstacles_benchmark]: Planning failed! Error code: INVALID_MOTION_PLAN
[INFO] [1785577566.598081208] [dynamic_obstacles_benchmark]: Joint states are available now
[INFO] [1785577566.778845911] [dynamic_obstacles_benchmark]: Joint states are available now
[WARN] [1785577566.791341689] [dynamic_obstacles_benchmark]: Planning failed! Error code: GOAL_STATE_INVALID
[INFO] [1785577566.791831160] [dynamic_obstacles_benchmark]: Joint states are available now
[WARN] [1785577566.816632150] [dynamic_obstacles_benchmark]: Planning failed! Error code: GOAL_STATE_INVALID
[INFO] [1785577566.822557512] [dynamic_obstacles_benchmark]: Joint states are available now
[WARN] [1785577566.835718575] [dynamic_obstacles_benchmark]: Planning failed! Error code: GOAL_STATE_INVALID
[INFO] [1785577566.836331138] [dynamic_obstacles_benchmark]: Joint states are available now
[WARN] [1785577566.849482520] [dynamic_obstacles_benchmark]: Planning failed! Error code: GOAL_STATE_INVALID
[INFO] [1785577566.854453695] [dynamic_obstacles_benchmark]: Joint states are available now
[WARN] [1785577566.867661063] [dynamic_obstacles_benchmark]: Planning failed! Error code: GOAL_STATE_INVALID
[INFO] [1785577566.868142713] [dynamic_obstacles_benchmark]: Joint states are available now
[WARN] [1785577566.881778697] [dynamic_obstacles_benchmark]: Planning failed! Error code: GOAL_STATE_INVALID
[INFO] [1785577566.885524801] [dynamic_obstacles_benchmark]: Joint states are available now
[WARN] [1785577566.909116004] [dynamic_obstacles_benchmark]: Planning failed! Error code: GOAL_STATE_INVALID
[INFO] [1785577566.909855204] [dynamic_obstacles_benchmark]: Joint states are available now
[WARN] [1785577566.922258557] [dynamic_obstacles_benchmark]: Planning failed! Error code: GOAL_STATE_INVALID
[INFO] [1785577566.927121077] [dynamic_obstacles_benchmark]: Joint states are available now
[INFO] [1785577567.085113753] [dynamic_obstacles_benchmark]: Joint states are available now
[INFO] [1785577567.233636403] [dynamic_obstacles_benchmark]: Joint states are available now
[INFO] [1785577567.394975894] [dynamic_obstacles_benchmark]: Joint states are available now
[INFO] [1785577567.535896157] [dynamic_obstacles_benchmark]: === Scenario B: suddenly-appearing obstacle ===
[INFO] [1785577567.837734200] [dynamic_obstacles_benchmark]: Joint states are available now
[INFO] [1785577567.858034380] [dynamic_obstacles_benchmark]: Baseline plan OK 0.020s states=64
[INFO] [1785577567.914069833] [dynamic_obstacles_benchmark]: Joint states are available now
[WARN] [1785577567.957798366] [dynamic_obstacles_benchmark]: Planning failed! Error code: GOAL_STATE_INVALID
[INFO] [1785577567.973930216] [dynamic_obstacles_benchmark]: Joint states are available now
[WARN] [1785577568.020474862] [dynamic_obstacles_benchmark]: Planning failed! Error code: GOAL_STATE_INVALID
[INFO] [1785577568.039649252] [dynamic_obstacles_benchmark]: Joint states are available now
[WARN] [1785577568.096242467] [dynamic_obstacles_benchmark]: Planning failed! Error code: GOAL_STATE_INVALID
[INFO] [1785577568.110547673] [dynamic_obstacles_benchmark]: Joint states are available now
[WARN] [1785577568.166474118] [dynamic_obstacles_benchmark]: Planning failed! Error code: GOAL_STATE_INVALID
[INFO] [1785577568.190919329] [dynamic_obstacles_benchmark]: Joint states are available now
[INFO] [1785577568.292238573] [dynamic_obstacles_benchmark]: Joint states are available now
[INFO] [1785577568.973878082] [dynamic_obstacles_benchmark]: Saved /home/lsn/robot_safecontrol/benchmarks/aeb_rrtstar/dynamic_obstacles/run_20260801_174605.json
  goal@0: IK interior ok
  goal@100: IK interior ok
  goal@300: IK interior ok
  goal@500: IK interior ok
  goal@1000: IK interior ok
  goal@2000: IK interior ok
  sweep_t=0.00 pos=(-0.0, 0.228, 1.496) aeb_rrtstar OK 0.018s pts=64 sync=True
  sweep_t=0.00 pos=(-0.0, 0.228, 1.496) rrtconnect OK 0.020s pts=64 sync=True
  sweep_t=0.11 pos=(-0.0, 0.261, 1.496) aeb_rrtstar OK 0.027s pts=64 sync=True
  sweep_t=0.11 pos=(-0.0, 0.261, 1.496) rrtconnect OK 0.023s pts=64 sync=True
  sweep_t=0.22 pos=(-0.0, 0.295, 1.496) aeb_rrtstar OK 0.016s pts=64 sync=True
  sweep_t=0.22 pos=(-0.0, 0.295, 1.496) rrtconnect OK 0.028s pts=64 sync=True
  sweep_t=0.33 pos=(-0.0, 0.328, 1.496) aeb_rrtstar FAIL 0.011s pts=0 sync=True
  sweep_t=0.33 pos=(-0.0, 0.328, 1.496) rrtconnect OK 0.025s pts=77 sync=True
  sweep_t=0.44 pos=(-0.0, 0.361, 1.496) aeb_rrtstar FAIL 0.013s pts=0 sync=True
  sweep_t=0.44 pos=(-0.0, 0.361, 1.496) rrtconnect FAIL 0.025s pts=0 sync=True
  sweep_t=0.56 pos=(-0.0, 0.395, 1.496) aeb_rrtstar FAIL 0.014s pts=0 sync=True
  sweep_t=0.56 pos=(-0.0, 0.395, 1.496) rrtconnect FAIL 0.014s pts=0 sync=True
  sweep_t=0.67 pos=(0.0, 0.428, 1.496) aeb_rrtstar FAIL 0.014s pts=0 sync=True
  sweep_t=0.67 pos=(0.0, 0.428, 1.496) rrtconnect FAIL 0.014s pts=0 sync=True
  sweep_t=0.78 pos=(0.0, 0.461, 1.496) aeb_rrtstar FAIL 0.024s pts=0 sync=True
  sweep_t=0.78 pos=(0.0, 0.461, 1.496) rrtconnect FAIL 0.013s pts=0 sync=True
  sweep_t=0.89 pos=(0.0, 0.495, 1.496) aeb_rrtstar OK 0.029s pts=64 sync=True
  sweep_t=0.89 pos=(0.0, 0.495, 1.496) rrtconnect OK 0.028s pts=64 sync=True
  sweep_t=1.00 pos=(0.0, 0.528, 1.496) aeb_rrtstar OK 0.027s pts=64 sync=True
  sweep_t=1.00 pos=(0.0, 0.528, 1.496) rrtconnect OK 0.027s pts=64 sync=True
  offset=0.00 pos=(-0.0, 0.376, 1.489) aeb_rrtstar FAIL 0.044s pts=0 old_collides=True sync=True
  offset=0.00 pos=(-0.0, 0.376, 1.489) rrtconnect FAIL 0.047s pts=0 old_collides=True sync=True
  offset=0.03 pos=(-0.03, 0.376, 1.489) aeb_rrtstar FAIL 0.057s pts=0 old_collides=True sync=True
  offset=0.03 pos=(-0.03, 0.376, 1.489) rrtconnect FAIL 0.056s pts=0 old_collides=True sync=True
  offset=0.06 pos=(-0.06, 0.376, 1.489) aeb_rrtstar OK 0.018s pts=25 old_collides=True sync=True
  offset=0.06 pos=(-0.06, 0.376, 1.489) rrtconnect OK 0.054s pts=144 old_collides=True sync=True

=== SUMMARY ===
scenario        t/off planner        ok  time_s states states_ok old_coll
moving_sweep      0.0 AEBRRTstarFaithfulConfigDefault   OK   0.018     64         1         
moving_sweep      0.0 RRTConnectkConfigDefault   OK   0.020     64         1         
moving_sweep   0.1111 AEBRRTstarFaithfulConfigDefault   OK   0.027     64         1         
moving_sweep   0.1111 RRTConnectkConfigDefault   OK   0.023     64         1         
moving_sweep   0.2222 AEBRRTstarFaithfulConfigDefault   OK   0.016     64         1         
moving_sweep   0.2222 RRTConnectkConfigDefault   OK   0.028     64         1         
moving_sweep   0.3333 AEBRRTstarFaithfulConfigDefault FAIL   0.011      0       n/a         
moving_sweep   0.3333 RRTConnectkConfigDefault   OK   0.025     77         1         
moving_sweep   0.4444 AEBRRTstarFaithfulConfigDefault FAIL   0.013      0       n/a         
moving_sweep   0.4444 RRTConnectkConfigDefault FAIL   0.025      0       n/a         
moving_sweep   0.5556 AEBRRTstarFaithfulConfigDefault FAIL   0.014      0       n/a         
moving_sweep   0.5556 RRTConnectkConfigDefault FAIL   0.014      0       n/a         
moving_sweep   0.6667 AEBRRTstarFaithfulConfigDefault FAIL   0.014      0       n/a         
moving_sweep   0.6667 RRTConnectkConfigDefault FAIL   0.014      0       n/a         
moving_sweep   0.7778 AEBRRTstarFaithfulConfigDefault FAIL   0.024      0       n/a         
moving_sweep   0.7778 RRTConnectkConfigDefault FAIL   0.013      0       n/a         
moving_sweep   0.8889 AEBRRTstarFaithfulConfigDefault   OK   0.029     64         1         
moving_sweep   0.8889 RRTConnectkConfigDefault   OK   0.028     64         1         
moving_sweep      1.0 AEBRRTstarFaithfulConfigDefault   OK   0.027     64         1         
moving_sweep      1.0 RRTConnectkConfigDefault   OK   0.027     64         1         
sudden_appear     0.0 AEBRRTstarFaithfulConfigDefault FAIL   0.044      0       n/a        1
sudden_appear     0.0 RRTConnectkConfigDefault FAIL   0.047      0       n/a        1
sudden_appear    0.03 AEBRRTstarFaithfulConfigDefault FAIL   0.057      0       n/a        1
sudden_appear    0.03 RRTConnectkConfigDefault FAIL   0.056      0       n/a        1
sudden_appear    0.06 AEBRRTstarFaithfulConfigDefault   OK   0.018     25         1        1
sudden_appear    0.06 RRTConnectkConfigDefault   OK   0.054    144         1        1

Total: 13 OK / 13 FAIL / 0 unknown
